
[1m[93m============================================================[0m
.\.venv\Scripts\python.exe 
: Traceback (most recent 
call last):
At line:1 char:1
+ 
.\.venv\Scripts\python.exe 
refresh_all.py --no-fetch > 
test_output.tx ...
+ ~~~~~~~~~~~~~~~~~~~~~~~~~~
~~~~~~~~~~~~~~~~~~~~~~~~~~~~
~~~~~~~~~~~~~~~
    + CategoryInfo          
    : NotSpecified: (Trace  
  back (most recent call    
 last)::String) [], Remo    
teException
    + FullyQualifiedErrorId 
    : NativeCommandError
 
  File "C:\Users\klalo\Pycha
rmProjects\pythonProject\ref
resh_all.py", line 185, in 
<module>
    main()
  File "C:\Users\klalo\Pycha
rmProjects\pythonProject\ref
resh_all.py", line 56, in 
main
    print(f"{BOLD}{YELLOW}  
\U0001f3c0 EUROLEAGUE 
ANALYTICS - FULL REFRESH 
PIPELINE{RESET}")
  File "C:\Users\klalo\AppDa
ta\Local\Programs\Python\Pyt
hon312\Lib\encodings\cp1252.
py", line 19, in encode
    return codecs.charmap_en
code(input,self.errors,encod
ing_table)[0]
           ^^^^^^^^^^^^^^^^^
^^^^^^^^^^^^^^^^^^^^^^^^^^^^
^^^^^^^^^^
UnicodeEncodeError: 
'charmap' codec can't 
encode character 
'\U0001f3c0' in position 
11: character maps to 
<undefined>
